// Jest Snapshot v1, https://goo.gl/fbAQLP

exports[`NotFound renders correctly 1`] = `
<section
  className="notfound-section"
>
  <div
    className="notfound-content"
  >
    <h1>
      404
    </h1>
    <h2>
      Sorry, we can't find the page!
    </h2>
    <p>
      Either something went wrong or the page doesn't exist anymore
    </p>
    <a
      className="btn"
      href="/"
      onClick={[Function]}
    >
      Take me home
    </a>
  </div>
</section>
`;
